// Jest Snapshot v1, https://goo.gl/fbAQLP

exports[`renders the same as the last Snapshot 1`] = `
<div
  className="todo"
>
  <p>
    <input
      onChange={[Function]}
      type="checkbox"
    />
  </p>
</div>
`;
